// Jest Snapshot v1, https://goo.gl/fbAQLP

exports[`Card should match the snapshot 1`] = `
<section
  className="card card-medium"
>
  <header>
    <h3
      className="title"
    >
      Ticket ID: 11
    </h3>
    <p
      className="header-icon-container"
    >
      <i
        className="material-icons header-icon medium"
      >
        flag
      </i>
      Priority: 
      medium
    </p>
    <p
      className="header-icon-container"
    >
      <i
        className="material-icons header-icon"
      >
        drafts
      </i>
      Opened: 
      2019-06-16
    </p>
    <p
      className="header-icon-container"
    >
      <i
        className="material-icons header-icon"
      >
        access_time
      </i>
      457 Days Open
    </p>
    <div
      className="links-container"
    />
    <div
      className="note-btn-ctn"
    >
      <button
        className="card-content-btn"
        onClick={[Function]}
      >
        More
      </button>
    </div>
    <p
      className="card-notes"
    >
      <i
        className="material-icons header-icon"
        id="single-note"
      >
        create
      </i>
      Ut enim
       
    </p>
  </header>
</section>
`;

exports[`Card should match the snapshot if a resource is passed as props 1`] = `
<section
  className="card other-cards"
>
  <header>
    <h3
      className="title"
    >
      Bright Tank 1
    </h3>
    <p
      className="header-icon-container"
    >
      <i
        className="material-icons header-icon Bright Tank 1"
      >
        business
      </i>
      Name: 
      Bright Tank 1
    </p>
    <p
      className="header-icon-container"
    >
      <i
        className="material-icons header-icon Bright Tank 1"
      >
        attach_money
      </i>
      Cost: 
      5000
    </p>
    <p
      className="header-icon-container"
    >
      <i
        className="material-icons header-icon"
      >
        access_time
      </i>
      427 Days Open
    </p>
    <div
      className="links-container"
    >
      <Link
        to={
          Object {
            "pathname": "/resources/1/parts",
          }
        }
      >
        <i
          className="material-icons"
          id="parts-icon"
        >
          build
        </i>
        <label
          htmlFor="parts-icon"
        >
          Parts
        </label>
      </Link>
      <Link
        to={
          Object {
            "pathname": "/resources/1/tickets",
          }
        }
      >
        <i
          className="material-icons"
          id="tickets-icon"
        >
          notes
        </i>
        <label
          htmlFor="tickets-icon"
        >
          Tickets
        </label>
      </Link>
    </div>
  </header>
</section>
`;
